Archive member included to satisfy reference by file (symbol)

./Build/libstm32f7.a(stm32f7xx_hal_rcc.o)
                              /tmp/cchrJyZe.o (HAL_RCC_OscConfig)
./Build/libstm32f7.a(stm32f7xx_hal_cortex.o)
                              /tmp/cchrJyZe.o (HAL_MPU_ConfigRegion)
./Build/libstm32f7.a(stm32f7xx_hal.o)
                              ./Build/libstm32f7.a(stm32f7xx_hal_rcc.o) (HAL_InitTick)
./Build/libstm32f7.a(stm32f7xx_hal_gpio.o)
                              ./Build/libstm32f7.a(stm32f7xx_hal_rcc.o) (HAL_GPIO_Init)
./Build/libstm32f7.a(stm32f7xx_hal_pwr_ex.o)
                              /tmp/cchrJyZe.o (HAL_PWREx_EnableOverDrive)
./Build/libstm32f7.a(stm32746g_discovery_sdram.o)
                              /tmp/cchrJyZe.o (BSP_SDRAM_Init)
./Build/libstm32f7.a(stm32746g_discovery_lcd.o)
                              /tmp/cchrJyZe.o (BSP_LCD_GetXSize)
./Build/libstm32f7.a(stm32746g_discovery.o)
                              /tmp/cchrJyZe.o (BSP_LED_Init)
./Build/libstm32f7.a(stm32f7xx_hal_dma2d.o)
                              ./Build/libstm32f7.a(stm32746g_discovery_lcd.o) (HAL_DMA2D_Init)
./Build/libstm32f7.a(stm32f7xx_hal_uart.o)
                              ./Build/libstm32f7.a(stm32746g_discovery.o) (HAL_UART_DeInit)
./Build/libstm32f7.a(stm32f7xx_hal_i2c.o)
                              ./Build/libstm32f7.a(stm32746g_discovery.o) (HAL_I2C_Init)
./Build/libstm32f7.a(stm32f7xx_hal_ltdc.o)
                              ./Build/libstm32f7.a(stm32746g_discovery_lcd.o) (HAL_LTDC_Init)
./Build/libstm32f7.a(stm32f7xx_hal_rcc_ex.o)
                              ./Build/libstm32f7.a(stm32746g_discovery_lcd.o) (HAL_RCCEx_PeriphCLKConfig)
./Build/libstm32f7.a(stm32f7xx_hal_dma.o)
                              ./Build/libstm32f7.a(stm32746g_discovery_sdram.o) (HAL_DMA_Init)
./Build/libstm32f7.a(stm32f7xx_hal_sdram.o)
                              ./Build/libstm32f7.a(stm32746g_discovery_sdram.o) (HAL_SDRAM_Init)
./Build/libstm32f7.a(stm32f7xx_ll_fmc.o)
                              ./Build/libstm32f7.a(stm32f7xx_hal_sdram.o) (FMC_SDRAM_Init)
./Build/libfreertos.a(cmsis_os.o)
                              /tmp/cchrJyZe.o (osKernelStart)
./Build/libfreertos.a(heap_1.o)
                              ./Build/libfreertos.a(cmsis_os.o) (pvPortMalloc)
./Build/libfreertos.a(port.o)
                              ./Build/libfreertos.a(cmsis_os.o) (vPortEnterCritical)
./Build/libfreertos.a(queue.o)
                              ./Build/libfreertos.a(cmsis_os.o) (xQueueGenericCreate)
./Build/libfreertos.a(list.o)
                              ./Build/libfreertos.a(queue.o) (vListInitialise)
./Build/libfreertos.a(tasks.o)
                              ./Build/libfreertos.a(cmsis_os.o) (xTaskGenericCreate)
/usr/bin/../lib/gcc/arm-none-eabi/5.2.1/../../../../arm-none-eabi/lib/armv7e-m/fpu/libg.a(lib_a-exit.o)
                              /usr/bin/../lib/gcc/arm-none-eabi/5.2.1/../../../../arm-none-eabi/lib/armv7e-m/fpu/crt0.o (exit)
/usr/bin/../lib/gcc/arm-none-eabi/5.2.1/../../../../arm-none-eabi/lib/armv7e-m/fpu/libg.a(lib_a-impure.o)
                              /usr/bin/../lib/gcc/arm-none-eabi/5.2.1/../../../../arm-none-eabi/lib/armv7e-m/fpu/libg.a(lib_a-exit.o) (_global_impure_ptr)
/usr/bin/../lib/gcc/arm-none-eabi/5.2.1/../../../../arm-none-eabi/lib/armv7e-m/fpu/libg.a(lib_a-init.o)
                              /usr/bin/../lib/gcc/arm-none-eabi/5.2.1/../../../../arm-none-eabi/lib/armv7e-m/fpu/crt0.o (__libc_init_array)
/usr/bin/../lib/gcc/arm-none-eabi/5.2.1/../../../../arm-none-eabi/lib/armv7e-m/fpu/libg.a(lib_a-memcpy.o)
                              ./Build/libfreertos.a(queue.o) (memcpy)
/usr/bin/../lib/gcc/arm-none-eabi/5.2.1/../../../../arm-none-eabi/lib/armv7e-m/fpu/libg.a(lib_a-memset.o)
                              /usr/bin/../lib/gcc/arm-none-eabi/5.2.1/../../../../arm-none-eabi/lib/armv7e-m/fpu/crt0.o (memset)
/usr/bin/../lib/gcc/arm-none-eabi/5.2.1/../../../../arm-none-eabi/lib/armv7e-m/fpu/libg.a(lib_a-__call_atexit.o)
                              /usr/bin/../lib/gcc/arm-none-eabi/5.2.1/../../../../arm-none-eabi/lib/armv7e-m/fpu/libg.a(lib_a-exit.o) (__call_exitprocs)
/usr/bin/../lib/gcc/arm-none-eabi/5.2.1/../../../../arm-none-eabi/lib/armv7e-m/fpu/libg.a(lib_a-atexit.o)
                              /usr/bin/../lib/gcc/arm-none-eabi/5.2.1/../../../../arm-none-eabi/lib/armv7e-m/fpu/libg.a(lib_a-__call_atexit.o) (atexit)
/usr/bin/../lib/gcc/arm-none-eabi/5.2.1/../../../../arm-none-eabi/lib/armv7e-m/fpu/libg.a(lib_a-fini.o)
                              /usr/bin/../lib/gcc/arm-none-eabi/5.2.1/../../../../arm-none-eabi/lib/armv7e-m/fpu/libg.a(lib_a-__call_atexit.o) (__libc_fini_array)
/usr/bin/../lib/gcc/arm-none-eabi/5.2.1/../../../../arm-none-eabi/lib/armv7e-m/fpu/libg.a(lib_a-__atexit.o)
                              /usr/bin/../lib/gcc/arm-none-eabi/5.2.1/../../../../arm-none-eabi/lib/armv7e-m/fpu/libg.a(lib_a-atexit.o) (__register_exitproc)

Allocating common symbols
[...]
Memory Configuration

Name             Origin             Length             Attributes
FLASH            0x0000000008000000 0x0000000000100000 xr
RAM              0x0000000020000000 0x0000000000050000 xrw
*default*        0x0000000000000000 0xffffffffffffffff

Linker script and memory map

LOAD /usr/bin/../lib/gcc/arm-none-eabi/5.2.1/armv7e-m/fpu/crti.o
LOAD /usr/bin/../lib/gcc/arm-none-eabi/5.2.1/armv7e-m/fpu/crtbegin.o
LOAD /usr/bin/../lib/gcc/arm-none-eabi/5.2.1/../../../../arm-none-eabi/lib/armv7e-m/fpu/crt0.o
LOAD /tmp/ccebitNC.o
LOAD /tmp/ccT5cpEV.o
LOAD /tmp/cchrJyZe.o
LOAD /tmp/ccvdOlny.o
LOAD /tmp/cceAuL8R.o
LOAD ./Build/libstm32f7.a
LOAD ./Build/libfreertos.a
START GROUP
LOAD /usr/bin/../lib/gcc/arm-none-eabi/5.2.1/armv7e-m/fpu/libgcc.a
LOAD /usr/bin/../lib/gcc/arm-none-eabi/5.2.1/../../../../arm-none-eabi/lib/armv7e-m/fpu/libg.a
LOAD /usr/bin/../lib/gcc/arm-none-eabi/5.2.1/../../../../arm-none-eabi/lib/armv7e-m/fpu/libc.a
END GROUP
LOAD /usr/bin/../lib/gcc/arm-none-eabi/5.2.1/armv7e-m/fpu/crtend.o
LOAD /usr/bin/../lib/gcc/arm-none-eabi/5.2.1/armv7e-m/fpu/crtn.o
                0x000000002004ffff                _estack = 0x2004ffff
                0x0000000000000200                _Min_Heap_Size = 0x200
                0x0000000000000400                _Min_Stack_Size = 0x400

.isr_vector     0x0000000008000000      0x1c8
                0x0000000008000000                . = ALIGN (0x4)
 *(.isr_vector)
 .isr_vector    0x0000000008000000      0x1c8 /tmp/ccvdOlny.o
                0x0000000008000000                g_pfnVectors
                0x00000000080001c8                . = ALIGN (0x4)

.text           0x00000000080001c8     0x3240
                0x00000000080001c8                . = ALIGN (0x4)
 *(.text)
 .text          0x00000000080001c8       0xa4 /usr/bin/../lib/gcc/arm-none-eabi/5.2.1/armv7e-m/fpu/crtbegin.o
 *(.text*)
 .text.NMI_Handler
                0x000000000800026c        0x2 /tmp/ccebitNC.o
                0x000000000800026c                NMI_Handler
 .text.HardFault_Handler
                0x000000000800026e        0x2 /tmp/ccebitNC.o
                0x000000000800026e                HardFault_Handler
 .text.MemManage_Handler
                0x0000000008000270        0x2 /tmp/ccebitNC.o
                0x0000000008000270                MemManage_Handler
 .text.BusFault_Handler
                0x0000000008000272        0x2 /tmp/ccebitNC.o
                0x0000000008000272                BusFault_Handler
 .text.UsageFault_Handler
                0x0000000008000274        0x2 /tmp/ccebitNC.o
                0x0000000008000274                UsageFault_Handler
 .text.DebugMon_Handler
                0x0000000008000276        0x2 /tmp/ccebitNC.o
                0x0000000008000276                DebugMon_Handler
 .text.SysTick_Handler
                0x0000000008000278        0xe /tmp/ccebitNC.o
                0x0000000008000278                SysTick_Handler
 .text.HAL_MspInit
                0x0000000008000286        0x2 /tmp/ccT5cpEV.o
                0x0000000008000286                HAL_MspInit
 .text.LED_Thread1
                0x0000000008000288       0x1e /tmp/cchrJyZe.o
 .text.Error_Handler
                0x00000000080002a6       0x22 /tmp/cchrJyZe.o
 .text.startup.main
                0x00000000080002c8      0x1f0 /tmp/cchrJyZe.o
                0x00000000080002c8                main
 .text.Reset_Handler
                0x00000000080004b8       0x50 /tmp/ccvdOlny.o
                0x00000000080004b8                Reset_Handler
 .text.Default_Handler
                0x0000000008000508        0x2 /tmp/ccvdOlny.o
                0x0000000008000508                RTC_Alarm_IRQHandler
                0x0000000008000508                EXTI2_IRQHandler
                0x0000000008000508                TIM8_CC_IRQHandler
                0x0000000008000508                UART8_IRQHandler
                0x0000000008000508                SPI4_IRQHandler
                0x0000000008000508                TIM1_CC_IRQHandler
                0x0000000008000508                DMA2_Stream5_IRQHandler
                0x0000000008000508                DMA1_Stream5_IRQHandler
                0x0000000008000508                PVD_IRQHandler
                0x0000000008000508                TAMP_STAMP_IRQHandler
                0x0000000008000508                CAN2_RX1_IRQHandler
                0x0000000008000508                EXTI3_IRQHandler
                0x0000000008000508                TIM8_TRG_COM_TIM14_IRQHandler
                0x0000000008000508                TIM1_UP_TIM10_IRQHandler
                0x0000000008000508                TIM8_UP_TIM13_IRQHandler
                0x0000000008000508                I2C3_ER_IRQHandler
                0x0000000008000508                EXTI0_IRQHandler
                0x0000000008000508                I2C2_EV_IRQHandler
                0x0000000008000508                DMA1_Stream2_IRQHandler
                0x0000000008000508                CAN1_RX0_IRQHandler
                0x0000000008000508                FPU_IRQHandler
                0x0000000008000508                OTG_HS_WKUP_IRQHandler
                0x0000000008000508                LTDC_ER_IRQHandler
                0x0000000008000508                CAN2_SCE_IRQHandler
                0x0000000008000508                DMA2_Stream2_IRQHandler
                0x0000000008000508                SPI1_IRQHandler
                0x0000000008000508                TIM6_DAC_IRQHandler
                0x0000000008000508                TIM1_BRK_TIM9_IRQHandler
                0x0000000008000508                DCMI_IRQHandler
                0x0000000008000508                CAN2_RX0_IRQHandler
                0x0000000008000508                DMA2_Stream3_IRQHandler
                0x0000000008000508                SAI2_IRQHandler
                0x0000000008000508                USART6_IRQHandler
                0x0000000008000508                USART3_IRQHandler
                0x0000000008000508                CAN1_RX1_IRQHandler
                0x0000000008000508                UART5_IRQHandler
                0x0000000008000508                DMA2_Stream0_IRQHandler
                0x0000000008000508                TIM4_IRQHandler
                0x0000000008000508                QUADSPI_IRQHandler
                0x0000000008000508                I2C1_EV_IRQHandler
                0x0000000008000508                DMA1_Stream6_IRQHandler
                0x0000000008000508                DMA1_Stream1_IRQHandler
                0x0000000008000508                UART4_IRQHandler
                0x0000000008000508                TIM3_IRQHandler
                0x0000000008000508                RCC_IRQHandler
                0x0000000008000508                TIM8_BRK_TIM12_IRQHandler
                0x0000000008000508                Default_Handler
                0x0000000008000508                CEC_IRQHandler
                0x0000000008000508                EXTI15_10_IRQHandler
                0x0000000008000508                ADC_IRQHandler
                0x0000000008000508                DMA1_Stream7_IRQHandler
                0x0000000008000508                SPI5_IRQHandler
                0x0000000008000508                TIM7_IRQHandler
                0x0000000008000508                SDMMC1_IRQHandler
                0x0000000008000508                CAN2_TX_IRQHandler
                0x0000000008000508                TIM5_IRQHandler
                0x0000000008000508                DMA2_Stream7_IRQHandler
                0x0000000008000508                I2C3_EV_IRQHandler
                0x0000000008000508                EXTI9_5_IRQHandler
                0x0000000008000508                RTC_WKUP_IRQHandler
                0x0000000008000508                LTDC_IRQHandler
                0x0000000008000508                ETH_WKUP_IRQHandler
                0x0000000008000508                SPDIF_RX_IRQHandler
                0x0000000008000508                SPI2_IRQHandler
                0x0000000008000508                OTG_HS_EP1_IN_IRQHandler
                0x0000000008000508                DMA1_Stream0_IRQHandler
                0x0000000008000508                CAN1_TX_IRQHandler
                0x0000000008000508                EXTI4_IRQHandler
                0x0000000008000508                RNG_IRQHandler
                0x0000000008000508                ETH_IRQHandler
                0x0000000008000508                OTG_HS_EP1_OUT_IRQHandler
                0x0000000008000508                WWDG_IRQHandler
                0x0000000008000508                SPI6_IRQHandler
                0x0000000008000508                I2C4_EV_IRQHandler
                0x0000000008000508                TIM2_IRQHandler
                0x0000000008000508                OTG_FS_WKUP_IRQHandler
                0x0000000008000508                TIM1_TRG_COM_TIM11_IRQHandler
                0x0000000008000508                OTG_HS_IRQHandler
                0x0000000008000508                DMA2D_IRQHandler
                0x0000000008000508                EXTI1_IRQHandler
                0x0000000008000508                UART7_IRQHandler
                0x0000000008000508                USART2_IRQHandler
                0x0000000008000508                I2C2_ER_IRQHandler
                0x0000000008000508                DMA2_Stream1_IRQHandler
                0x0000000008000508                CAN1_SCE_IRQHandler
                0x0000000008000508                FLASH_IRQHandler
                0x0000000008000508                DMA2_Stream4_IRQHandler
                0x0000000008000508                USART1_IRQHandler
                0x0000000008000508                OTG_FS_IRQHandler
                0x0000000008000508                SPI3_IRQHandler
                0x0000000008000508                DMA1_Stream4_IRQHandler
                0x0000000008000508                I2C1_ER_IRQHandler
                0x0000000008000508                FMC_IRQHandler
                0x0000000008000508                LPTIM1_IRQHandler
                0x0000000008000508                I2C4_ER_IRQHandler
                0x0000000008000508                DMA2_Stream6_IRQHandler
                0x0000000008000508                SAI1_IRQHandler
                0x0000000008000508                DMA1_Stream3_IRQHandler
 *fill*         0x000000000800050a        0x2 
 .text.SystemInit
                0x000000000800050c       0x4c /tmp/cceAuL8R.o
                0x000000000800050c                SystemInit
 .text.HAL_RCC_OscConfig
                0x0000000008000558      0x3b0 ./Build/libstm32f7.a(stm32f7xx_hal_rcc.o)
                0x0000000008000558                HAL_RCC_OscConfig
 .text.HAL_RCC_ClockConfig
                0x0000000008000908      0x1bc ./Build/libstm32f7.a(stm32f7xx_hal_rcc.o)
                0x0000000008000908                HAL_RCC_ClockConfig
 .text.HAL_RCC_GetSysClockFreq
                0x0000000008000ac4       0x7c ./Build/libstm32f7.a(stm32f7xx_hal_rcc.o)
                0x0000000008000ac4                HAL_RCC_GetSysClockFreq
 .text.HAL_RCC_GetHCLKFreq
                0x0000000008000b40       0x34 ./Build/libstm32f7.a(stm32f7xx_hal_rcc.o)
                0x0000000008000b40                HAL_RCC_GetHCLKFreq
 .text.HAL_NVIC_SetPriorityGrouping
                0x0000000008000b74       0x24 ./Build/libstm32f7.a(stm32f7xx_hal_cortex.o)
                0x0000000008000b74                HAL_NVIC_SetPriorityGrouping
 .text.HAL_NVIC_SetPriority
                0x0000000008000b98       0x70 ./Build/libstm32f7.a(stm32f7xx_hal_cortex.o)
                0x0000000008000b98                HAL_NVIC_SetPriority
 .text.HAL_NVIC_EnableIRQ
                0x0000000008000c08       0x18 ./Build/libstm32f7.a(stm32f7xx_hal_cortex.o)
                0x0000000008000c08                HAL_NVIC_EnableIRQ
 .text.HAL_SYSTICK_Config
                0x0000000008000c20       0x2c ./Build/libstm32f7.a(stm32f7xx_hal_cortex.o)
                0x0000000008000c20                HAL_SYSTICK_Config
 .text.HAL_MPU_ConfigRegion
                0x0000000008000c4c       0x4c ./Build/libstm32f7.a(stm32f7xx_hal_cortex.o)
                0x0000000008000c4c                HAL_MPU_ConfigRegion
 .text.HAL_InitTick
                0x0000000008000c98       0x24 ./Build/libstm32f7.a(stm32f7xx_hal.o)
                0x0000000008000c98                HAL_InitTick
 .text.HAL_Init
                0x0000000008000cbc       0x24 ./Build/libstm32f7.a(stm32f7xx_hal.o)
                0x0000000008000cbc                HAL_Init
 .text.HAL_IncTick
                0x0000000008000ce0       0x10 ./Build/libstm32f7.a(stm32f7xx_hal.o)
                0x0000000008000ce0                HAL_IncTick
 .text.HAL_GetTick
                0x0000000008000cf0        0xc ./Build/libstm32f7.a(stm32f7xx_hal.o)
                0x0000000008000cf0                HAL_GetTick
 .text.HAL_Delay
                0x0000000008000cfc       0x1a ./Build/libstm32f7.a(stm32f7xx_hal.o)
                0x0000000008000cfc                HAL_Delay
 *fill*         0x0000000008000d16        0x2 
 .text.HAL_GPIO_Init
                0x0000000008000d18      0x1e0 ./Build/libstm32f7.a(stm32f7xx_hal_gpio.o)
                0x0000000008000d18                HAL_GPIO_Init
 .text.HAL_GPIO_WritePin
                0x0000000008000ef8        0x8 ./Build/libstm32f7.a(stm32f7xx_hal_gpio.o)
                0x0000000008000ef8                HAL_GPIO_WritePin
 .text.HAL_GPIO_TogglePin
                0x0000000008000f00        0x8 ./Build/libstm32f7.a(stm32f7xx_hal_gpio.o)
                0x0000000008000f00                HAL_GPIO_TogglePin
 .text.HAL_PWREx_EnableOverDrive
                0x0000000008000f08       0x74 ./Build/libstm32f7.a(stm32f7xx_hal_pwr_ex.o)
                0x0000000008000f08                HAL_PWREx_EnableOverDrive
 .text.BSP_SDRAM_Initialization_sequence
                0x0000000008000f7c       0x98 ./Build/libstm32f7.a(stm32746g_discovery_sdram.o)
                0x0000000008000f7c                BSP_SDRAM_Initialization_sequence
 .text.BSP_SDRAM_MspInit
                0x0000000008001014      0x18c ./Build/libstm32f7.a(stm32746g_discovery_sdram.o)
                0x0000000008001014                BSP_SDRAM_MspInit
 .text.BSP_SDRAM_Init
                0x00000000080011a0       0x7c ./Build/libstm32f7.a(stm32746g_discovery_sdram.o)
                0x00000000080011a0                BSP_SDRAM_Init
 .text.LL_FillBuffer
                0x000000000800121c       0x7c ./Build/libstm32f7.a(stm32746g_discovery_lcd.o)
 .text.BSP_LCD_GetXSize
                0x0000000008001298       0x18 ./Build/libstm32f7.a(stm32746g_discovery_lcd.o)
                0x0000000008001298                BSP_LCD_GetXSize
 .text.BSP_LCD_GetYSize
                0x00000000080012b0       0x18 ./Build/libstm32f7.a(stm32746g_discovery_lcd.o)
                0x00000000080012b0                BSP_LCD_GetYSize
 .text.BSP_LCD_LayerDefaultInit
                0x00000000080012c8       0x78 ./Build/libstm32f7.a(stm32746g_discovery_lcd.o)
                0x00000000080012c8                BSP_LCD_LayerDefaultInit
 .text.BSP_LCD_SelectLayer
                0x0000000008001340        0xc ./Build/libstm32f7.a(stm32746g_discovery_lcd.o)
                0x0000000008001340                BSP_LCD_SelectLayer
 .text.BSP_LCD_SetTextColor
                0x000000000800134c       0x18 ./Build/libstm32f7.a(stm32746g_discovery_lcd.o)
                0x000000000800134c                BSP_LCD_SetTextColor
 .text.BSP_LCD_Clear
                0x0000000008001364       0x2c ./Build/libstm32f7.a(stm32746g_discovery_lcd.o)
                0x0000000008001364                BSP_LCD_Clear
 .text.BSP_LCD_DrawHLine
                0x0000000008001390       0x4c ./Build/libstm32f7.a(stm32746g_discovery_lcd.o)
                0x0000000008001390                BSP_LCD_DrawHLine
 .text.BSP_LCD_DrawVLine
                0x00000000080013dc       0x58 ./Build/libstm32f7.a(stm32746g_discovery_lcd.o)
                0x00000000080013dc                BSP_LCD_DrawVLine
 .text.BSP_LCD_DrawRect
                0x0000000008001434       0x34 ./Build/libstm32f7.a(stm32746g_discovery_lcd.o)
                0x0000000008001434                BSP_LCD_DrawRect
 .text.BSP_LCD_DrawPixel
                0x0000000008001468       0x34 ./Build/libstm32f7.a(stm32746g_discovery_lcd.o)
                0x0000000008001468                BSP_LCD_DrawPixel
 .text.BSP_LCD_DrawLine
                0x000000000800149c       0xdc ./Build/libstm32f7.a(stm32746g_discovery_lcd.o)
                0x000000000800149c                BSP_LCD_DrawLine
 .text.BSP_LCD_DisplayOn
                0x0000000008001578       0x34 ./Build/libstm32f7.a(stm32746g_discovery_lcd.o)
                0x0000000008001578                BSP_LCD_DisplayOn
 .text.BSP_LCD_MspInit
                0x00000000080015ac      0x158 ./Build/libstm32f7.a(stm32746g_discovery_lcd.o)
                0x00000000080015ac                BSP_LCD_MspInit
 .text.BSP_LCD_ClockConfig
                0x0000000008001704       0x1c ./Build/libstm32f7.a(stm32746g_discovery_lcd.o)
                0x0000000008001704                BSP_LCD_ClockConfig
 .text.BSP_LCD_Init
                0x0000000008001720       0xbc ./Build/libstm32f7.a(stm32746g_discovery_lcd.o)
                0x0000000008001720                BSP_LCD_Init
 .text.BSP_LED_Init
                0x00000000080017dc       0x4c ./Build/libstm32f7.a(stm32746g_discovery.o)
                0x00000000080017dc                BSP_LED_Init
 .text.BSP_LED_Toggle
                0x0000000008001828       0x10 ./Build/libstm32f7.a(stm32746g_discovery.o)
                0x0000000008001828                BSP_LED_Toggle
 .text.DMA2D_SetConfig
                0x0000000008001838       0x80 ./Build/libstm32f7.a(stm32f7xx_hal_dma2d.o)
 .text.HAL_DMA2D_MspInit
                0x00000000080018b8        0x2 ./Build/libstm32f7.a(stm32f7xx_hal_dma2d.o)
                0x00000000080018b8                HAL_DMA2D_MspInit
 .text.HAL_DMA2D_Init
                0x00000000080018ba       0x58 ./Build/libstm32f7.a(stm32f7xx_hal_dma2d.o)
                0x00000000080018ba                HAL_DMA2D_Init
 .text.HAL_DMA2D_Start
                0x0000000008001912       0x40 ./Build/libstm32f7.a(stm32f7xx_hal_dma2d.o)
                0x0000000008001912                HAL_DMA2D_Start
 .text.HAL_DMA2D_PollForTransfer
                0x0000000008001952       0xc4 ./Build/libstm32f7.a(stm32f7xx_hal_dma2d.o)
                0x0000000008001952                HAL_DMA2D_PollForTransfer
 *fill*         0x0000000008001a16        0x2 
 .text.HAL_DMA2D_ConfigLayer
                0x0000000008001a18       0xcc ./Build/libstm32f7.a(stm32f7xx_hal_dma2d.o)
                0x0000000008001a18                HAL_DMA2D_ConfigLayer
 .text.LTDC_SetConfig
                0x0000000008001ae4      0x112 ./Build/libstm32f7.a(stm32f7xx_hal_ltdc.o)
 .text.HAL_LTDC_MspInit
                0x0000000008001bf6        0x2 ./Build/libstm32f7.a(stm32f7xx_hal_ltdc.o)
                0x0000000008001bf6                HAL_LTDC_MspInit
 .text.HAL_LTDC_Init
                0x0000000008001bf8       0xe8 ./Build/libstm32f7.a(stm32f7xx_hal_ltdc.o)
                0x0000000008001bf8                HAL_LTDC_Init
 .text.HAL_LTDC_ConfigLayer
                0x0000000008001ce0       0x52 ./Build/libstm32f7.a(stm32f7xx_hal_ltdc.o)
                0x0000000008001ce0                HAL_LTDC_ConfigLayer
 .text.HAL_LTDC_GetState
                0x0000000008001d32        0x6 ./Build/libstm32f7.a(stm32f7xx_hal_ltdc.o)
                0x0000000008001d32                HAL_LTDC_GetState
 .text.HAL_RCCEx_PeriphCLKConfig
                0x0000000008001d38      0x748 ./Build/libstm32f7.a(stm32f7xx_hal_rcc_ex.o)
                0x0000000008001d38                HAL_RCCEx_PeriphCLKConfig
 .text.DMA_CalcBaseAndBitshift
                0x0000000008002480       0x2c ./Build/libstm32f7.a(stm32f7xx_hal_dma.o)
 .text.HAL_DMA_Init
                0x00000000080024ac       0x74 ./Build/libstm32f7.a(stm32f7xx_hal_dma.o)
                0x00000000080024ac                HAL_DMA_Init
 .text.HAL_DMA_DeInit
                0x0000000008002520       0x46 ./Build/libstm32f7.a(stm32f7xx_hal_dma.o)
                0x0000000008002520                HAL_DMA_DeInit
 .text.HAL_SDRAM_MspInit
                0x0000000008002566        0x2 ./Build/libstm32f7.a(stm32f7xx_hal_sdram.o)
                0x0000000008002566                HAL_SDRAM_MspInit
 .text.HAL_SDRAM_Init
                0x0000000008002568       0x40 ./Build/libstm32f7.a(stm32f7xx_hal_sdram.o)
                0x0000000008002568                HAL_SDRAM_Init
 .text.HAL_SDRAM_SendCommand
                0x00000000080025a8       0x2e ./Build/libstm32f7.a(stm32f7xx_hal_sdram.o)
                0x00000000080025a8                HAL_SDRAM_SendCommand
 .text.HAL_SDRAM_ProgramRefreshRate
                0x00000000080025d6       0x24 ./Build/libstm32f7.a(stm32f7xx_hal_sdram.o)
                0x00000000080025d6                HAL_SDRAM_ProgramRefreshRate
 .text.FMC_SDRAM_Init
                0x00000000080025fa       0x86 ./Build/libstm32f7.a(stm32f7xx_ll_fmc.o)
                0x00000000080025fa                FMC_SDRAM_Init
 .text.FMC_SDRAM_Timing_Init
                0x0000000008002680       0x96 ./Build/libstm32f7.a(stm32f7xx_ll_fmc.o)
                0x0000000008002680                FMC_SDRAM_Timing_Init
 .text.FMC_SDRAM_SendCommand
                0x0000000008002716       0x4c ./Build/libstm32f7.a(stm32f7xx_ll_fmc.o)
                0x0000000008002716                FMC_SDRAM_SendCommand
 .text.FMC_SDRAM_ProgramRefreshRate
                0x0000000008002762        0xc ./Build/libstm32f7.a(stm32f7xx_ll_fmc.o)
                0x0000000008002762                FMC_SDRAM_ProgramRefreshRate
 .text.osKernelStart
                0x000000000800276e        0xa ./Build/libfreertos.a(cmsis_os.o)
                0x000000000800276e                osKernelStart
 .text.osKernelSysTick
                0x0000000008002778        0xe ./Build/libfreertos.a(cmsis_os.o)
                0x0000000008002778                osKernelSysTick
 .text.osThreadCreate
                0x0000000008002786       0x36 ./Build/libfreertos.a(cmsis_os.o)
                0x0000000008002786                osThreadCreate
 .text.osSystickHandler
                0x00000000080027bc       0x14 ./Build/libfreertos.a(cmsis_os.o)
                0x00000000080027bc                osSystickHandler
 .text.osDelayUntil
                0x00000000080027d0       0x10 ./Build/libfreertos.a(cmsis_os.o)
                0x00000000080027d0                osDelayUntil
 .text.pvPortMalloc
                0x00000000080027e0       0x50 ./Build/libfreertos.a(heap_1.o)
                0x00000000080027e0                pvPortMalloc
 .text.vPortFree
                0x0000000008002830       0x1a ./Build/libfreertos.a(heap_1.o)
                0x0000000008002830                vPortFree
 *fill*         0x000000000800284a        0x2 
 .text.prvTaskExitError
                0x000000000800284c       0x38 ./Build/libfreertos.a(port.o)
 .text.prvPortStartFirstTask
                0x0000000008002884       0x20 ./Build/libfreertos.a(port.o)
 .text.vPortEnableVFP
                0x00000000080028a4       0x14 ./Build/libfreertos.a(port.o)
 .text.pxPortInitialiseStack
                0x00000000080028b8       0x20 ./Build/libfreertos.a(port.o)
                0x00000000080028b8                pxPortInitialiseStack
 .text.SVC_Handler
                0x00000000080028d8       0x20 ./Build/libfreertos.a(port.o)
                0x00000000080028d8                SVC_Handler
 .text.vPortEnterCritical
                0x00000000080028f8       0x4c ./Build/libfreertos.a(port.o)
                0x00000000080028f8                vPortEnterCritical
 .text.vPortExitCritical
                0x0000000008002944       0x2c ./Build/libfreertos.a(port.o)
                0x0000000008002944                vPortExitCritical
 .text.PendSV_Handler
                0x0000000008002970       0x64 ./Build/libfreertos.a(port.o)
                0x0000000008002970                PendSV_Handler
 .text.xPortSysTickHandler
                0x00000000080029d4       0x34 ./Build/libfreertos.a(port.o)
                0x00000000080029d4                xPortSysTickHandler
 .text.vPortSetupTimerInterrupt
                0x0000000008002a08       0x28 ./Build/libfreertos.a(port.o)
                0x0000000008002a08                vPortSetupTimerInterrupt
 .text.xPortStartScheduler
                0x0000000008002a30       0xa8 ./Build/libfreertos.a(port.o)
                0x0000000008002a30                xPortStartScheduler
 .text.vPortValidateInterruptPriority
                0x0000000008002ad8       0x64 ./Build/libfreertos.a(port.o)
                0x0000000008002ad8                vPortValidateInterruptPriority
 .text.vListInitialise
                0x0000000008002b3c       0x16 ./Build/libfreertos.a(list.o)
                0x0000000008002b3c                vListInitialise
 .text.vListInitialiseItem
                0x0000000008002b52        0x6 ./Build/libfreertos.a(list.o)
                0x0000000008002b52                vListInitialiseItem
 .text.vListInsertEnd
                0x0000000008002b58       0x18 ./Build/libfreertos.a(list.o)
                0x0000000008002b58                vListInsertEnd
 .text.vListInsert
                0x0000000008002b70       0x30 ./Build/libfreertos.a(list.o)
                0x0000000008002b70                vListInsert
 .text.uxListRemove
                0x0000000008002ba0       0x20 ./Build/libfreertos.a(list.o)
                0x0000000008002ba0                uxListRemove
 .text.prvResetNextTaskUnblockTime
                0x0000000008002bc0       0x24 ./Build/libfreertos.a(tasks.o)
 .text.prvAddCurrentTaskToDelayedList
                0x0000000008002be4       0x50 ./Build/libfreertos.a(tasks.o)
 .text.xTaskGenericCreate.part.4
                0x0000000008002c34      0x1a4 ./Build/libfreertos.a(tasks.o)
 .text.xTaskGenericCreate
                0x0000000008002dd8       0x44 ./Build/libfreertos.a(tasks.o)
                0x0000000008002dd8                xTaskGenericCreate
 .text.vTaskStartScheduler
                0x0000000008002e1c       0x6c ./Build/libfreertos.a(tasks.o)
                0x0000000008002e1c                vTaskStartScheduler
 .text.vTaskSuspendAll
                0x0000000008002e88       0x10 ./Build/libfreertos.a(tasks.o)
                0x0000000008002e88                vTaskSuspendAll
 .text.xTaskGetTickCount
                0x0000000008002e98        0xc ./Build/libfreertos.a(tasks.o)
                0x0000000008002e98                xTaskGetTickCount
 .text.xTaskGetTickCountFromISR
                0x0000000008002ea4       0x10 ./Build/libfreertos.a(tasks.o)
                0x0000000008002ea4                xTaskGetTickCountFromISR
 .text.xTaskIncrementTick
                0x0000000008002eb4      0x134 ./Build/libfreertos.a(tasks.o)
                0x0000000008002eb4                xTaskIncrementTick
 .text.xTaskResumeAll
                0x0000000008002fe8       0xf0 ./Build/libfreertos.a(tasks.o)
                0x0000000008002fe8                xTaskResumeAll
 .text.vTaskDelayUntil
                0x00000000080030d8       0xcc ./Build/libfreertos.a(tasks.o)
                0x00000000080030d8                vTaskDelayUntil
 .text.prvIdleTask
                0x00000000080031a4       0x78 ./Build/libfreertos.a(tasks.o)
 .text.vTaskSwitchContext
                0x000000000800321c       0x78 ./Build/libfreertos.a(tasks.o)
                0x000000000800321c                vTaskSwitchContext
 .text.xTaskGetSchedulerState
                0x0000000008003294       0x20 ./Build/libfreertos.a(tasks.o)
                0x0000000008003294                xTaskGetSchedulerState
 .text.__libc_init_array
                0x00000000080032b4       0x50 /usr/bin/../lib/gcc/arm-none-eabi/5.2.1/../../../../arm-none-eabi/lib/armv7e-m/fpu/libg.a(lib_a-init.o)
                0x00000000080032b4                __libc_init_array
 .text.startup.register_fini
                0x0000000008003304       0x14 /usr/bin/../lib/gcc/arm-none-eabi/5.2.1/../../../../arm-none-eabi/lib/armv7e-m/fpu/libg.a(lib_a-__call_atexit.o)
 .text.atexit   0x0000000008003318        0xc /usr/bin/../lib/gcc/arm-none-eabi/5.2.1/../../../../arm-none-eabi/lib/armv7e-m/fpu/libg.a(lib_a-atexit.o)
                0x0000000008003318                atexit
 .text.__libc_fini_array
                0x0000000008003324       0x28 /usr/bin/../lib/gcc/arm-none-eabi/5.2.1/../../../../arm-none-eabi/lib/armv7e-m/fpu/libg.a(lib_a-fini.o)
                0x0000000008003324                __libc_fini_array
 .text.__register_exitproc
                0x000000000800334c       0xa4 /usr/bin/../lib/gcc/arm-none-eabi/5.2.1/../../../../arm-none-eabi/lib/armv7e-m/fpu/libg.a(lib_a-__atexit.o)
                0x000000000800334c                __register_exitproc
 *(.glue_7)
 .glue_7        0x00000000080033f0        0x0 linker stubs
 *(.glue_7t)
 .glue_7t       0x00000000080033f0        0x0 linker stubs
 *(.eh_frame)
 .eh_frame      0x00000000080033f0        0x0 /usr/bin/../lib/gcc/arm-none-eabi/5.2.1/armv7e-m/fpu/crtbegin.o
 *(.init)
 .init          0x00000000080033f0        0x4 /usr/bin/../lib/gcc/arm-none-eabi/5.2.1/armv7e-m/fpu/crti.o
                0x00000000080033f0                _init
 .init          0x00000000080033f4        0x8 /usr/bin/../lib/gcc/arm-none-eabi/5.2.1/armv7e-m/fpu/crtn.o
 *(.fini)
 .fini          0x00000000080033fc        0x4 /usr/bin/../lib/gcc/arm-none-eabi/5.2.1/armv7e-m/fpu/crti.o
                0x00000000080033fc                _fini
 .fini          0x0000000008003400        0x8 /usr/bin/../lib/gcc/arm-none-eabi/5.2.1/armv7e-m/fpu/crtn.o
                0x0000000008003408                . = ALIGN (0x4)
                0x0000000008003408                _etext = .

.vfp11_veneer   0x0000000008003408        0x0
 .vfp11_veneer  0x0000000008003408        0x0 linker stubs

.v4_bx          0x0000000008003408        0x0
 .v4_bx         0x0000000008003408        0x0 linker stubs

.iplt           0x0000000008003408        0x0
 .iplt          0x0000000008003408        0x0 /usr/bin/../lib/gcc/arm-none-eabi/5.2.1/armv7e-m/fpu/crtbegin.o

.rodata         0x0000000008003408     0x1af8
                0x0000000008003408                . = ALIGN (0x4)
 *(.rodata)
 .rodata        0x0000000008003408       0x14 /tmp/cchrJyZe.o
 *(.rodata*)
 .rodata.str1.1
                0x000000000800341c        0x5 /tmp/cchrJyZe.o
 .rodata.APBAHBPrescTable
                0x0000000008003421       0x10 ./Build/libstm32f7.a(stm32f7xx_hal_rcc.o)
                0x0000000008003421                APBAHBPrescTable
 .rodata.Font24_Table
                0x0000000008003431     0x1ab8 ./Build/libstm32f7.a(stm32746g_discovery_lcd.o)
                0x0000000008003431                Font24_Table
 .rodata.flagBitshiftOffset.11418
                0x0000000008004ee9        0x8 ./Build/libstm32f7.a(stm32f7xx_hal_dma.o)
 .rodata.str1.1
                0x0000000008004ef1        0x5 ./Build/libfreertos.a(tasks.o)
 *fill*         0x0000000008004ef6        0x2 
 .rodata.str1.4
                0x0000000008004ef8        0x4 /usr/bin/../lib/gcc/arm-none-eabi/5.2.1/../../../../arm-none-eabi/lib/armv7e-m/fpu/libg.a(lib_a-impure.o)
                                          0x2 (size before relaxing)
 .rodata._global_impure_ptr
                0x0000000008004efc        0x4 /usr/bin/../lib/gcc/arm-none-eabi/5.2.1/../../../../arm-none-eabi/lib/armv7e-m/fpu/libg.a(lib_a-impure.o)
                0x0000000008004efc                _global_impure_ptr
                0x0000000008004f00                . = ALIGN (0x4)

.rel.dyn        0x0000000008004f00        0x0
 .rel.iplt      0x0000000008004f00        0x0 /usr/bin/../lib/gcc/arm-none-eabi/5.2.1/armv7e-m/fpu/crtbegin.o

.ARM.extab
 *(.ARM.extab* .gnu.linkonce.armextab.*)

.ARM            0x0000000008004f00        0x0
                0x0000000008004f00                __exidx_start = .
 *(.ARM.exidx*)
                0x0000000008004f00                __exidx_end = .

.preinit_array  0x0000000008004f00        0x0
                0x0000000008004f00                PROVIDE (__preinit_array_start, .)
 *(.preinit_array*)
                0x0000000008004f00                PROVIDE (__preinit_array_end, .)

.init_array     0x0000000008004f00        0x8
                0x0000000008004f00                PROVIDE (__init_array_start, .)
 *(SORT(.init_array.*))
 .init_array.00000
                0x0000000008004f00        0x4 /usr/bin/../lib/gcc/arm-none-eabi/5.2.1/../../../../arm-none-eabi/lib/armv7e-m/fpu/libg.a(lib_a-__call_atexit.o)
 *(.init_array*)
 .init_array    0x0000000008004f04        0x4 /usr/bin/../lib/gcc/arm-none-eabi/5.2.1/armv7e-m/fpu/crtbegin.o
                0x0000000008004f08                PROVIDE (__init_array_end, .)

.fini_array     0x0000000008004f08        0x4
                0x0000000008004f08                PROVIDE (__fini_array_start, .)
 *(SORT(.fini_array.*))
 *(.fini_array*)
 .fini_array    0x0000000008004f08        0x4 /usr/bin/../lib/gcc/arm-none-eabi/5.2.1/armv7e-m/fpu/crtbegin.o
                0x0000000008004f0c                PROVIDE (__fini_array_end, .)
                0x0000000008004f0c                _sidata = LOADADDR (.data)

.data           0x0000000020000000      0x440 load address 0x0000000008004f0c
                0x0000000020000000                . = ALIGN (0x4)
                0x0000000020000000                _sdata = .
 *(.data)
 *(.data*)
 .data.SystemCoreClock
                0x0000000020000000        0x4 /tmp/cceAuL8R.o
                0x0000000020000000                SystemCoreClock
 .data.sdramstatus.11383
                0x0000000020000004        0x1 ./Build/libstm32f7.a(stm32746g_discovery_sdram.o)
 *fill*         0x0000000020000005        0x3 
 .data.Font24   0x0000000020000008        0x8 ./Build/libstm32f7.a(stm32746g_discovery_lcd.o)
                0x0000000020000008                Font24
 .data.uxCriticalNesting
                0x0000000020000010        0x4 ./Build/libfreertos.a(port.o)
 .data.xNextTaskUnblockTime
                0x0000000020000014        0x4 ./Build/libfreertos.a(tasks.o)
 .data.impure_data
                0x0000000020000018      0x428 /usr/bin/../lib/gcc/arm-none-eabi/5.2.1/../../../../arm-none-eabi/lib/armv7e-m/fpu/libg.a(lib_a-impure.o)
                0x0000000020000440                . = ALIGN (0x4)
                0x0000000020000440                _edata = .

.jcr            0x0000000020000440        0x0 load address 0x000000000800534c
 .jcr           0x0000000020000440        0x0 /usr/bin/../lib/gcc/arm-none-eabi/5.2.1/armv7e-m/fpu/crtbegin.o

.tm_clone_table
                0x0000000020000440        0x0 load address 0x000000000800534c
 .tm_clone_table
                0x0000000020000440        0x0 /usr/bin/../lib/gcc/arm-none-eabi/5.2.1/armv7e-m/fpu/crtbegin.o
 .tm_clone_table
                0x0000000020000440        0x0 /usr/bin/../lib/gcc/arm-none-eabi/5.2.1/armv7e-m/fpu/crtend.o

.igot.plt       0x0000000020000440        0x0 load address 0x000000000800534c
 .igot.plt      0x0000000020000440        0x0 /usr/bin/../lib/gcc/arm-none-eabi/5.2.1/armv7e-m/fpu/crtbegin.o
                0x0000000020000440                . = ALIGN (0x4)

.bss            0x0000000020000440      0xbac load address 0x000000000800534c
                0x0000000020000440                _sbss = .
                0x0000000020000440                __bss_start__ = _sbss
 *(.bss)
 .bss           0x0000000020000440       0x1c /usr/bin/../lib/gcc/arm-none-eabi/5.2.1/armv7e-m/fpu/crtbegin.o
 *(.bss*)
 .bss.uwTick    0x000000002000045c        0x4 ./Build/libstm32f7.a(stm32f7xx_hal.o)
 .bss.Command   0x0000000020000460       0x10 ./Build/libstm32f7.a(stm32746g_discovery_sdram.o)
 .bss.dma_handle.11422
                0x0000000020000470       0x58 ./Build/libstm32f7.a(stm32746g_discovery_sdram.o)
 .bss.sdramHandle
                0x00000000200004c8       0x34 ./Build/libstm32f7.a(stm32746g_discovery_sdram.o)
 .bss.Timing    0x00000000200004fc       0x1c ./Build/libstm32f7.a(stm32746g_discovery_sdram.o)
 .bss.ActiveLayer
                0x0000000020000518        0x4 ./Build/libstm32f7.a(stm32746g_discovery_lcd.o)
 .bss.hLtdcHandler
                0x000000002000051c       0xa8 ./Build/libstm32f7.a(stm32746g_discovery_lcd.o)
 .bss.DrawProp  0x00000000200005c4       0x18 ./Build/libstm32f7.a(stm32746g_discovery_lcd.o)
 .bss.hDma2dHandler
                0x00000000200005dc       0x40 ./Build/libstm32f7.a(stm32746g_discovery_lcd.o)
 .bss.periph_clk_init_struct.11919
                0x000000002000061c       0x84 ./Build/libstm32f7.a(stm32746g_discovery_lcd.o)
 .bss.xNextFreeByte
                0x00000000200006a0        0x4 ./Build/libfreertos.a(heap_1.o)
 .bss.pucAlignedHeap.11804
                0x00000000200006a4        0x4 ./Build/libfreertos.a(heap_1.o)
 .bss.ucHeap    0x00000000200006a8      0x800 ./Build/libfreertos.a(heap_1.o)
 .bss.ucMaxSysCallPriority
                0x0000000020000ea8        0x1 ./Build/libfreertos.a(port.o)
 *fill*         0x0000000020000ea9        0x3 
 .bss.ulMaxPRIGROUPValue
                0x0000000020000eac        0x4 ./Build/libfreertos.a(port.o)
 .bss.xSuspendedTaskList
                0x0000000020000eb0       0x14 ./Build/libfreertos.a(tasks.o)
 .bss.pxDelayedTaskList
                0x0000000020000ec4        0x4 ./Build/libfreertos.a(tasks.o)
 .bss.xSchedulerRunning
                0x0000000020000ec8        0x4 ./Build/libfreertos.a(tasks.o)
 .bss.uxTasksDeleted
                0x0000000020000ecc        0x4 ./Build/libfreertos.a(tasks.o)
 .bss.xTasksWaitingTermination
                0x0000000020000ed0       0x14 ./Build/libfreertos.a(tasks.o)
 .bss.xDelayedTaskList2
                0x0000000020000ee4       0x14 ./Build/libfreertos.a(tasks.o)
 .bss.uxPendedTicks
                0x0000000020000ef8        0x4 ./Build/libfreertos.a(tasks.o)
 .bss.pxReadyTasksLists
                0x0000000020000efc       0xa0 ./Build/libfreertos.a(tasks.o)
 .bss.uxSchedulerSuspended
                0x0000000020000f9c        0x4 ./Build/libfreertos.a(tasks.o)
 .bss.xNumOfOverflows
                0x0000000020000fa0        0x4 ./Build/libfreertos.a(tasks.o)
 .bss.pxCurrentTCB
                0x0000000020000fa4        0x4 ./Build/libfreertos.a(tasks.o)
                0x0000000020000fa4                pxCurrentTCB
 .bss.xPendingReadyList
                0x0000000020000fa8       0x14 ./Build/libfreertos.a(tasks.o)
 .bss.xTickCount
                0x0000000020000fbc        0x4 ./Build/libfreertos.a(tasks.o)
 .bss.pxOverflowDelayedTaskList
                0x0000000020000fc0        0x4 ./Build/libfreertos.a(tasks.o)
 .bss.uxTaskNumber
                0x0000000020000fc4        0x4 ./Build/libfreertos.a(tasks.o)
 .bss.xDelayedTaskList1
                0x0000000020000fc8       0x14 ./Build/libfreertos.a(tasks.o)
 .bss.uxCurrentNumberOfTasks
                0x0000000020000fdc        0x4 ./Build/libfreertos.a(tasks.o)
 .bss.uxTopReadyPriority
                0x0000000020000fe0        0x4 ./Build/libfreertos.a(tasks.o)
 .bss.xYieldPending
                0x0000000020000fe4        0x4 ./Build/libfreertos.a(tasks.o)
 *(COMMON)
 COMMON         0x0000000020000fe8        0x4 /tmp/cchrJyZe.o
                0x0000000020000fe8                LED1_ThreadId
                0x0000000020000fec                . = ALIGN (0x4)
                0x0000000020000fec                _ebss = .
                0x0000000020000fec                __bss_end__ = _ebss

._user_heap_stack
                0x0000000020000fec      0x600 load address 0x000000000800534c
                0x0000000020000fec                . = ALIGN (0x4)
                [!provide]                        PROVIDE (end, .)
                [!provide]                        PROVIDE (_end, .)
                0x00000000200011ec                . = (. + _Min_Heap_Size)
 *fill*         0x0000000020000fec      0x200 
                0x00000000200015ec                . = (. + _Min_Stack_Size)
 *fill*         0x00000000200011ec      0x400 
                0x00000000200015ec                . = ALIGN (0x4)

/DISCARD/

.ARM.attributes
                0x0000000000000000       0x30
 *(.ARM.attributes)
 .ARM.attributes
                0x0000000000000000       0x22 /usr/bin/../lib/gcc/arm-none-eabi/5.2.1/armv7e-m/fpu/crti.o
 .ARM.attributes
                0x0000000000000022       0x34 /usr/bin/../lib/gcc/arm-none-eabi/5.2.1/armv7e-m/fpu/crtbegin.o
 .ARM.attributes
                0x0000000000000056       0x39 /tmp/ccebitNC.o
 .ARM.attributes
                0x000000000000008f       0x39 /tmp/ccT5cpEV.o
 .ARM.attributes
                0x00000000000000c8       0x39 /tmp/cchrJyZe.o
 .ARM.attributes
                0x0000000000000101       0x21 /tmp/ccvdOlny.o
 .ARM.attributes
                0x0000000000000122       0x39 /tmp/cceAuL8R.o
 .ARM.attributes
                0x000000000000015b       0x39 ./Build/libstm32f7.a(stm32f7xx_hal_rcc.o)
 .ARM.attributes
                0x0000000000000194       0x39 ./Build/libstm32f7.a(stm32f7xx_hal_cortex.o)
 .ARM.attributes
                0x00000000000001cd       0x39 ./Build/libstm32f7.a(stm32f7xx_hal.o)
 .ARM.attributes
                0x0000000000000206       0x39 ./Build/libstm32f7.a(stm32f7xx_hal_gpio.o)
 .ARM.attributes
                0x000000000000023f       0x39 ./Build/libstm32f7.a(stm32f7xx_hal_pwr_ex.o)
 .ARM.attributes
                0x0000000000000278       0x39 ./Build/libstm32f7.a(stm32746g_discovery_sdram.o)
 .ARM.attributes
                0x00000000000002b1       0x39 ./Build/libstm32f7.a(stm32746g_discovery_lcd.o)
 .ARM.attributes
                0x00000000000002ea       0x39 ./Build/libstm32f7.a(stm32746g_discovery.o)
 .ARM.attributes
                0x0000000000000323       0x39 ./Build/libstm32f7.a(stm32f7xx_hal_dma2d.o)
 .ARM.attributes
                0x000000000000035c       0x39 ./Build/libstm32f7.a(stm32f7xx_hal_ltdc.o)
 .ARM.attributes
                0x0000000000000395       0x39 ./Build/libstm32f7.a(stm32f7xx_hal_rcc_ex.o)
 .ARM.attributes
                0x00000000000003ce       0x39 ./Build/libstm32f7.a(stm32f7xx_hal_dma.o)
 .ARM.attributes
                0x0000000000000407       0x39 ./Build/libstm32f7.a(stm32f7xx_hal_sdram.o)
 .ARM.attributes
                0x0000000000000440       0x39 ./Build/libstm32f7.a(stm32f7xx_ll_fmc.o)
 .ARM.attributes
                0x0000000000000479       0x39 ./Build/libfreertos.a(cmsis_os.o)
 .ARM.attributes
                0x00000000000004b2       0x39 ./Build/libfreertos.a(heap_1.o)
 .ARM.attributes
                0x00000000000004eb       0x39 ./Build/libfreertos.a(port.o)
 .ARM.attributes
                0x0000000000000524       0x39 ./Build/libfreertos.a(list.o)
 .ARM.attributes
                0x000000000000055d       0x39 ./Build/libfreertos.a(tasks.o)
 .ARM.attributes
                0x0000000000000596       0x34 /usr/bin/../lib/gcc/arm-none-eabi/5.2.1/../../../../arm-none-eabi/lib/armv7e-m/fpu/libg.a(lib_a-impure.o)
 .ARM.attributes
                0x00000000000005ca       0x34 /usr/bin/../lib/gcc/arm-none-eabi/5.2.1/../../../../arm-none-eabi/lib/armv7e-m/fpu/libg.a(lib_a-init.o)
 .ARM.attributes
                0x00000000000005fe       0x34 /usr/bin/../lib/gcc/arm-none-eabi/5.2.1/../../../../arm-none-eabi/lib/armv7e-m/fpu/libg.a(lib_a-__call_atexit.o)
 .ARM.attributes
                0x0000000000000632       0x34 /usr/bin/../lib/gcc/arm-none-eabi/5.2.1/../../../../arm-none-eabi/lib/armv7e-m/fpu/libg.a(lib_a-atexit.o)
 .ARM.attributes
                0x0000000000000666       0x34 /usr/bin/../lib/gcc/arm-none-eabi/5.2.1/../../../../arm-none-eabi/lib/armv7e-m/fpu/libg.a(lib_a-fini.o)
 .ARM.attributes
                0x000000000000069a       0x34 /usr/bin/../lib/gcc/arm-none-eabi/5.2.1/../../../../arm-none-eabi/lib/armv7e-m/fpu/libg.a(lib_a-__atexit.o)
 .ARM.attributes
                0x00000000000006ce       0x34 /usr/bin/../lib/gcc/arm-none-eabi/5.2.1/armv7e-m/fpu/crtend.o
 .ARM.attributes
                0x0000000000000702       0x22 /usr/bin/../lib/gcc/arm-none-eabi/5.2.1/armv7e-m/fpu/crtn.o
OUTPUT(Build/main.elf elf32-littlearm)

.debug_info     0x0000000000000000    0x14212
 .debug_info    0x0000000000000000      0x13b /tmp/ccebitNC.o
 .debug_info    0x000000000000013b       0xb8 /tmp/ccT5cpEV.o
 .debug_info    0x00000000000001f3      0xfef /tmp/cchrJyZe.o
 .debug_info    0x00000000000011e2       0x75 /tmp/ccvdOlny.o
 .debug_info    0x0000000000001257      0x6a3 /tmp/cceAuL8R.o
 .debug_info    0x00000000000018fa      0xd0b ./Build/libstm32f7.a(stm32f7xx_hal_rcc.o)
 .debug_info    0x0000000000002605     0x10a5 ./Build/libstm32f7.a(stm32f7xx_hal_cortex.o)
 .debug_info    0x00000000000036aa      0x962 ./Build/libstm32f7.a(stm32f7xx_hal.o)
 .debug_info    0x000000000000400c      0x74c ./Build/libstm32f7.a(stm32f7xx_hal_gpio.o)
 .debug_info    0x0000000000004758      0x9b4 ./Build/libstm32f7.a(stm32f7xx_hal_pwr_ex.o)
 .debug_info    0x000000000000510c     0x126f ./Build/libstm32f7.a(stm32746g_discovery_sdram.o)
 .debug_info    0x000000000000637b     0x2d55 ./Build/libstm32f7.a(stm32746g_discovery_lcd.o)
 .debug_info    0x00000000000090d0     0x1ed2 ./Build/libstm32f7.a(stm32746g_discovery.o)
 .debug_info    0x000000000000afa2      0xba0 ./Build/libstm32f7.a(stm32f7xx_hal_dma2d.o)
 .debug_info    0x000000000000bb42      0xcc1 ./Build/libstm32f7.a(stm32f7xx_hal_ltdc.o)
 .debug_info    0x000000000000c803      0xf61 ./Build/libstm32f7.a(stm32f7xx_hal_rcc_ex.o)
 .debug_info    0x000000000000d764      0x7fc ./Build/libstm32f7.a(stm32f7xx_hal_dma.o)
 .debug_info    0x000000000000df60      0xcf2 ./Build/libstm32f7.a(stm32f7xx_hal_sdram.o)
 .debug_info    0x000000000000ec52      0xc7f ./Build/libstm32f7.a(stm32f7xx_ll_fmc.o)
 .debug_info    0x000000000000f8d1     0x1bce ./Build/libfreertos.a(cmsis_os.o)
 .debug_info    0x000000000001149f      0x205 ./Build/libfreertos.a(heap_1.o)
 .debug_info    0x00000000000116a4      0x52b ./Build/libfreertos.a(port.o)
 .debug_info    0x0000000000011bcf      0x2c5 ./Build/libfreertos.a(list.o)
 .debug_info    0x0000000000011e94     0x237e ./Build/libfreertos.a(tasks.o)

.debug_abbrev   0x0000000000000000     0x33a9
 .debug_abbrev  0x0000000000000000       0xe0 /tmp/ccebitNC.o
 .debug_abbrev  0x00000000000000e0       0x70 /tmp/ccT5cpEV.o
 .debug_abbrev  0x0000000000000150      0x319 /tmp/cchrJyZe.o
 .debug_abbrev  0x0000000000000469       0x12 /tmp/ccvdOlny.o
 .debug_abbrev  0x000000000000047b      0x11d /tmp/cceAuL8R.o
 .debug_abbrev  0x0000000000000598      0x302 ./Build/libstm32f7.a(stm32f7xx_hal_rcc.o)
 .debug_abbrev  0x000000000000089a      0x326 ./Build/libstm32f7.a(stm32f7xx_hal_cortex.o)
 .debug_abbrev  0x0000000000000bc0      0x1c8 ./Build/libstm32f7.a(stm32f7xx_hal.o)
 .debug_abbrev  0x0000000000000d88      0x1c8 ./Build/libstm32f7.a(stm32f7xx_hal_gpio.o)
 .debug_abbrev  0x0000000000000f50      0x1d1 ./Build/libstm32f7.a(stm32f7xx_hal_pwr_ex.o)
 .debug_abbrev  0x0000000000001121      0x232 ./Build/libstm32f7.a(stm32746g_discovery_sdram.o)
 .debug_abbrev  0x0000000000001353      0x426 ./Build/libstm32f7.a(stm32746g_discovery_lcd.o)
 .debug_abbrev  0x0000000000001779      0x399 ./Build/libstm32f7.a(stm32746g_discovery.o)
 .debug_abbrev  0x0000000000001b12      0x25f ./Build/libstm32f7.a(stm32f7xx_hal_dma2d.o)
 .debug_abbrev  0x0000000000001d71      0x236 ./Build/libstm32f7.a(stm32f7xx_hal_ltdc.o)
 .debug_abbrev  0x0000000000001fa7      0x22e ./Build/libstm32f7.a(stm32f7xx_hal_rcc_ex.o)
 .debug_abbrev  0x00000000000021d5      0x270 ./Build/libstm32f7.a(stm32f7xx_hal_dma.o)
 .debug_abbrev  0x0000000000002445      0x236 ./Build/libstm32f7.a(stm32f7xx_hal_sdram.o)
 .debug_abbrev  0x000000000000267b      0x180 ./Build/libstm32f7.a(stm32f7xx_ll_fmc.o)
 .debug_abbrev  0x00000000000027fb      0x393 ./Build/libfreertos.a(cmsis_os.o)
 .debug_abbrev  0x0000000000002b8e      0x16e ./Build/libfreertos.a(heap_1.o)
 .debug_abbrev  0x0000000000002cfc      0x22a ./Build/libfreertos.a(port.o)
 .debug_abbrev  0x0000000000002f26       0xf6 ./Build/libfreertos.a(list.o)
 .debug_abbrev  0x000000000000301c      0x38d ./Build/libfreertos.a(tasks.o)

.debug_aranges  0x0000000000000000      0xe10
 .debug_aranges
                0x0000000000000000       0x48 /tmp/ccebitNC.o
 .debug_aranges
                0x0000000000000048       0x20 /tmp/ccT5cpEV.o
 .debug_aranges
                0x0000000000000068       0x30 /tmp/cchrJyZe.o
 .debug_aranges
                0x0000000000000098       0x28 /tmp/ccvdOlny.o
 .debug_aranges
                0x00000000000000c0       0x28 /tmp/cceAuL8R.o
 .debug_aranges
                0x00000000000000e8       0x88 ./Build/libstm32f7.a(stm32f7xx_hal_rcc.o)
 .debug_aranges
                0x0000000000000170       0x98 ./Build/libstm32f7.a(stm32f7xx_hal_cortex.o)
 .debug_aranges
                0x0000000000000208       0xc8 ./Build/libstm32f7.a(stm32f7xx_hal.o)
 .debug_aranges
                0x00000000000002d0       0x58 ./Build/libstm32f7.a(stm32f7xx_hal_gpio.o)
 .debug_aranges
                0x0000000000000328       0x80 ./Build/libstm32f7.a(stm32f7xx_hal_pwr_ex.o)
 .debug_aranges
                0x00000000000003a8       0x70 ./Build/libstm32f7.a(stm32746g_discovery_sdram.o)
 .debug_aranges
                0x0000000000000418      0x190 ./Build/libstm32f7.a(stm32746g_discovery_lcd.o)
 .debug_aranges
                0x00000000000005a8       0xf0 ./Build/libstm32f7.a(stm32746g_discovery.o)
 .debug_aranges
                0x0000000000000698       0xb8 ./Build/libstm32f7.a(stm32f7xx_hal_dma2d.o)
 .debug_aranges
                0x0000000000000750       0xc8 ./Build/libstm32f7.a(stm32f7xx_hal_ltdc.o)
 .debug_aranges
                0x0000000000000818       0x30 ./Build/libstm32f7.a(stm32f7xx_hal_rcc_ex.o)
 .debug_aranges
                0x0000000000000848       0x68 ./Build/libstm32f7.a(stm32f7xx_hal_dma.o)
 .debug_aranges
                0x00000000000008b0       0xb0 ./Build/libstm32f7.a(stm32f7xx_hal_sdram.o)
 .debug_aranges
                0x0000000000000960       0xc8 ./Build/libstm32f7.a(stm32f7xx_ll_fmc.o)
 .debug_aranges
                0x0000000000000a28      0x180 ./Build/libfreertos.a(cmsis_os.o)
 .debug_aranges
                0x0000000000000ba8       0x38 ./Build/libfreertos.a(heap_1.o)
 .debug_aranges
                0x0000000000000be0       0x80 ./Build/libfreertos.a(port.o)
 .debug_aranges
                0x0000000000000c60       0x40 ./Build/libfreertos.a(list.o)
 .debug_aranges
                0x0000000000000ca0      0x170 ./Build/libfreertos.a(tasks.o)

.debug_ranges   0x0000000000000000     0x16e8
 .debug_ranges  0x0000000000000000       0x38 /tmp/ccebitNC.o
 .debug_ranges  0x0000000000000038       0x10 /tmp/ccT5cpEV.o
 .debug_ranges  0x0000000000000048       0x98 /tmp/cchrJyZe.o
 .debug_ranges  0x00000000000000e0       0x20 /tmp/ccvdOlny.o
 .debug_ranges  0x0000000000000100       0x18 /tmp/cceAuL8R.o
 .debug_ranges  0x0000000000000118      0x1b8 ./Build/libstm32f7.a(stm32f7xx_hal_rcc.o)
 .debug_ranges  0x00000000000002d0      0x140 ./Build/libstm32f7.a(stm32f7xx_hal_cortex.o)
 .debug_ranges  0x0000000000000410       0xb8 ./Build/libstm32f7.a(stm32f7xx_hal.o)
 .debug_ranges  0x00000000000004c8       0x78 ./Build/libstm32f7.a(stm32f7xx_hal_gpio.o)
 .debug_ranges  0x0000000000000540      0x100 ./Build/libstm32f7.a(stm32f7xx_hal_pwr_ex.o)
 .debug_ranges  0x0000000000000640       0xa0 ./Build/libstm32f7.a(stm32746g_discovery_sdram.o)
 .debug_ranges  0x00000000000006e0      0x370 ./Build/libstm32f7.a(stm32746g_discovery_lcd.o)
 .debug_ranges  0x0000000000000a50      0x1b8 ./Build/libstm32f7.a(stm32746g_discovery.o)
 .debug_ranges  0x0000000000000c08       0xa8 ./Build/libstm32f7.a(stm32f7xx_hal_dma2d.o)
 .debug_ranges  0x0000000000000cb0       0xb8 ./Build/libstm32f7.a(stm32f7xx_hal_ltdc.o)
 .debug_ranges  0x0000000000000d68      0x320 ./Build/libstm32f7.a(stm32f7xx_hal_rcc_ex.o)
 .debug_ranges  0x0000000000001088       0x58 ./Build/libstm32f7.a(stm32f7xx_hal_dma.o)
 .debug_ranges  0x00000000000010e0       0xa0 ./Build/libstm32f7.a(stm32f7xx_hal_sdram.o)
 .debug_ranges  0x0000000000001180       0xb8 ./Build/libstm32f7.a(stm32f7xx_ll_fmc.o)
 .debug_ranges  0x0000000000001238      0x1a8 ./Build/libfreertos.a(cmsis_os.o)
 .debug_ranges  0x00000000000013e0       0x28 ./Build/libfreertos.a(heap_1.o)
 .debug_ranges  0x0000000000001408       0x88 ./Build/libfreertos.a(port.o)
 .debug_ranges  0x0000000000001490       0x30 ./Build/libfreertos.a(list.o)
 .debug_ranges  0x00000000000014c0      0x228 ./Build/libfreertos.a(tasks.o)

.debug_line     0x0000000000000000     0x6242
 .debug_line    0x0000000000000000      0x17a /tmp/ccebitNC.o
 .debug_line    0x000000000000017a       0xd1 /tmp/ccT5cpEV.o
 .debug_line    0x000000000000024b      0x387 /tmp/cchrJyZe.o
 .debug_line    0x00000000000005d2       0x7b /tmp/ccvdOlny.o
 .debug_line    0x000000000000064d      0x13e /tmp/cceAuL8R.o
 .debug_line    0x000000000000078b      0x551 ./Build/libstm32f7.a(stm32f7xx_hal_rcc.o)
 .debug_line    0x0000000000000cdc      0x353 ./Build/libstm32f7.a(stm32f7xx_hal_cortex.o)
 .debug_line    0x000000000000102f      0x2fc ./Build/libstm32f7.a(stm32f7xx_hal.o)
 .debug_line    0x000000000000132b      0x352 ./Build/libstm32f7.a(stm32f7xx_hal_gpio.o)
 .debug_line    0x000000000000167d      0x2c5 ./Build/libstm32f7.a(stm32f7xx_hal_pwr_ex.o)
 .debug_line    0x0000000000001942      0x351 ./Build/libstm32f7.a(stm32746g_discovery_sdram.o)
 .debug_line    0x0000000000001c93      0xa29 ./Build/libstm32f7.a(stm32746g_discovery_lcd.o)
 .debug_line    0x00000000000026bc      0x4e1 ./Build/libstm32f7.a(stm32746g_discovery.o)
 .debug_line    0x0000000000002b9d      0x560 ./Build/libstm32f7.a(stm32f7xx_hal_dma2d.o)
 .debug_line    0x00000000000030fd      0x772 ./Build/libstm32f7.a(stm32f7xx_hal_ltdc.o)
 .debug_line    0x000000000000386f      0x5a2 ./Build/libstm32f7.a(stm32f7xx_hal_rcc_ex.o)
 .debug_line    0x0000000000003e11      0x3ce ./Build/libstm32f7.a(stm32f7xx_hal_dma.o)
 .debug_line    0x00000000000041df      0x484 ./Build/libstm32f7.a(stm32f7xx_hal_sdram.o)
 .debug_line    0x0000000000004663      0x3da ./Build/libstm32f7.a(stm32f7xx_ll_fmc.o)
 .debug_line    0x0000000000004a3d      0x729 ./Build/libfreertos.a(cmsis_os.o)
 .debug_line    0x0000000000005166      0x1ec ./Build/libfreertos.a(heap_1.o)
 .debug_line    0x0000000000005352      0x2f8 ./Build/libfreertos.a(port.o)
 .debug_line    0x000000000000564a      0x1c8 ./Build/libfreertos.a(list.o)
 .debug_line    0x0000000000005812      0xa30 ./Build/libfreertos.a(tasks.o)

.debug_str      0x0000000000000000     0x58e8
 .debug_str     0x0000000000000000      0x208 /tmp/ccebitNC.o
                                        0x249 (size before relaxing)
 .debug_str     0x0000000000000208       0x26 /tmp/ccT5cpEV.o
                                        0x1d6 (size before relaxing)
 .debug_str     0x000000000000022e      0x7ec /tmp/cchrJyZe.o
                                        0xa03 (size before relaxing)
 .debug_str     0x0000000000000a1a       0x66 /tmp/cceAuL8R.o
                                        0x480 (size before relaxing)
 .debug_str     0x0000000000000a80      0x2f3 ./Build/libstm32f7.a(stm32f7xx_hal_rcc.o)
                                        0x6f3 (size before relaxing)
 .debug_str     0x0000000000000d73      0x83c ./Build/libstm32f7.a(stm32f7xx_hal_cortex.o)
                                        0xd7d (size before relaxing)
 .debug_str     0x00000000000015af      0x203 ./Build/libstm32f7.a(stm32f7xx_hal.o)
                                        0xbb2 (size before relaxing)
 .debug_str     0x00000000000017b2      0x126 ./Build/libstm32f7.a(stm32f7xx_hal_gpio.o)
                                        0x51d (size before relaxing)
 .debug_str     0x00000000000018d8      0x1d6 ./Build/libstm32f7.a(stm32f7xx_hal_pwr_ex.o)
                                        0x678 (size before relaxing)
 .debug_str     0x0000000000001aae      0x73a ./Build/libstm32f7.a(stm32746g_discovery_sdram.o)
                                       0x111b (size before relaxing)
 .debug_str     0x00000000000021e8      0xe47 ./Build/libstm32f7.a(stm32746g_discovery_lcd.o)
                                       0x141f (size before relaxing)
 .debug_str     0x000000000000302f      0x82e ./Build/libstm32f7.a(stm32746g_discovery.o)
                                       0x154e (size before relaxing)
 .debug_str     0x000000000000385d      0x1f2 ./Build/libstm32f7.a(stm32f7xx_hal_dma2d.o)
                                        0x6ab (size before relaxing)
 .debug_str     0x0000000000003a4f      0x12f ./Build/libstm32f7.a(stm32f7xx_hal_ltdc.o)
                                        0x797 (size before relaxing)
 .debug_str     0x0000000000003b7e       0xbf ./Build/libstm32f7.a(stm32f7xx_hal_rcc_ex.o)
                                        0x6b5 (size before relaxing)
 .debug_str     0x0000000000003c3d      0x144 ./Build/libstm32f7.a(stm32f7xx_hal_dma.o)
                                        0x672 (size before relaxing)
 .debug_str     0x0000000000003d81      0x244 ./Build/libstm32f7.a(stm32f7xx_hal_sdram.o)
                                        0xa63 (size before relaxing)
 .debug_str     0x0000000000003fc5      0x3b7 ./Build/libstm32f7.a(stm32f7xx_ll_fmc.o)
                                        0x8bc (size before relaxing)
 .debug_str     0x000000000000437c      0x967 ./Build/libfreertos.a(cmsis_os.o)
                                        0xd40 (size before relaxing)
 .debug_str     0x0000000000004ce3       0xb1 ./Build/libfreertos.a(heap_1.o)
                                        0x2c6 (size before relaxing)
 .debug_str     0x0000000000004d94      0x1ff ./Build/libfreertos.a(port.o)
                                        0x4ae (size before relaxing)
 .debug_str     0x0000000000004f93      0x13e ./Build/libfreertos.a(list.o)
                                        0x320 (size before relaxing)
 .debug_str     0x00000000000050d1      0x817 ./Build/libfreertos.a(tasks.o)
                                        0xe2f (size before relaxing)

.comment        0x0000000000000000       0x6e
 .comment       0x0000000000000000       0x6e /tmp/ccebitNC.o
                                         0x6f (size before relaxing)
 .comment       0x000000000000006e       0x6f /tmp/ccT5cpEV.o
 .comment       0x000000000000006e       0x6f /tmp/cchrJyZe.o
 .comment       0x000000000000006e       0x6f /tmp/cceAuL8R.o
 .comment       0x000000000000006e       0x6f ./Build/libstm32f7.a(stm32f7xx_hal_rcc.o)
 .comment       0x000000000000006e       0x6f ./Build/libstm32f7.a(stm32f7xx_hal_cortex.o)
 .comment       0x000000000000006e       0x6f ./Build/libstm32f7.a(stm32f7xx_hal.o)
 .comment       0x000000000000006e       0x6f ./Build/libstm32f7.a(stm32f7xx_hal_gpio.o)
 .comment       0x000000000000006e       0x6f ./Build/libstm32f7.a(stm32f7xx_hal_pwr_ex.o)
 .comment       0x000000000000006e       0x6f ./Build/libstm32f7.a(stm32746g_discovery_sdram.o)
 .comment       0x000000000000006e       0x6f ./Build/libstm32f7.a(stm32746g_discovery_lcd.o)
 .comment       0x000000000000006e       0x6f ./Build/libstm32f7.a(stm32746g_discovery.o)
 .comment       0x000000000000006e       0x6f ./Build/libstm32f7.a(stm32f7xx_hal_dma2d.o)
 .comment       0x000000000000006e       0x6f ./Build/libstm32f7.a(stm32f7xx_hal_ltdc.o)
 .comment       0x000000000000006e       0x6f ./Build/libstm32f7.a(stm32f7xx_hal_rcc_ex.o)
 .comment       0x000000000000006e       0x6f ./Build/libstm32f7.a(stm32f7xx_hal_dma.o)
 .comment       0x000000000000006e       0x6f ./Build/libstm32f7.a(stm32f7xx_hal_sdram.o)
 .comment       0x000000000000006e       0x6f ./Build/libstm32f7.a(stm32f7xx_ll_fmc.o)
 .comment       0x000000000000006e       0x6f ./Build/libfreertos.a(cmsis_os.o)
 .comment       0x000000000000006e       0x6f ./Build/libfreertos.a(heap_1.o)
 .comment       0x000000000000006e       0x6f ./Build/libfreertos.a(port.o)
 .comment       0x000000000000006e       0x6f ./Build/libfreertos.a(list.o)
 .comment       0x000000000000006e       0x6f ./Build/libfreertos.a(tasks.o)

.debug_frame    0x0000000000000000     0x2774
 .debug_frame   0x0000000000000000       0x8c /tmp/ccebitNC.o
 .debug_frame   0x000000000000008c       0x30 /tmp/ccT5cpEV.o
 .debug_frame   0x00000000000000bc       0x60 /tmp/cchrJyZe.o
 .debug_frame   0x000000000000011c       0x30 /tmp/cceAuL8R.o
 .debug_frame   0x000000000000014c      0x158 ./Build/libstm32f7.a(stm32f7xx_hal_rcc.o)
 .debug_frame   0x00000000000002a4      0x138 ./Build/libstm32f7.a(stm32f7xx_hal_cortex.o)
 .debug_frame   0x00000000000003dc      0x1ac ./Build/libstm32f7.a(stm32f7xx_hal.o)
 .debug_frame   0x0000000000000588       0xdc ./Build/libstm32f7.a(stm32f7xx_hal_gpio.o)
 .debug_frame   0x0000000000000664      0x140 ./Build/libstm32f7.a(stm32f7xx_hal_pwr_ex.o)
 .debug_frame   0x00000000000007a4      0x134 ./Build/libstm32f7.a(stm32746g_discovery_sdram.o)
 .debug_frame   0x00000000000008d8      0x574 ./Build/libstm32f7.a(stm32746g_discovery_lcd.o)
 .debug_frame   0x0000000000000e4c      0x2e8 ./Build/libstm32f7.a(stm32746g_discovery.o)
 .debug_frame   0x0000000000001134      0x210 ./Build/libstm32f7.a(stm32f7xx_hal_dma2d.o)
 .debug_frame   0x0000000000001344      0x25c ./Build/libstm32f7.a(stm32f7xx_hal_ltdc.o)
 .debug_frame   0x00000000000015a0       0x6c ./Build/libstm32f7.a(stm32f7xx_hal_rcc_ex.o)
 .debug_frame   0x000000000000160c      0x120 ./Build/libstm32f7.a(stm32f7xx_hal_dma.o)
 .debug_frame   0x000000000000172c      0x228 ./Build/libstm32f7.a(stm32f7xx_hal_sdram.o)
 .debug_frame   0x0000000000001954      0x1f0 ./Build/libstm32f7.a(stm32f7xx_ll_fmc.o)
 .debug_frame   0x0000000000001b44      0x480 ./Build/libfreertos.a(cmsis_os.o)
 .debug_frame   0x0000000000001fc4       0x5c ./Build/libfreertos.a(heap_1.o)
 .debug_frame   0x0000000000002020       0xf0 ./Build/libfreertos.a(port.o)
 .debug_frame   0x0000000000002110       0x6c ./Build/libfreertos.a(list.o)
 .debug_frame   0x000000000000217c      0x4f4 ./Build/libfreertos.a(tasks.o)
 .debug_frame   0x0000000000002670       0x2c /usr/bin/../lib/gcc/arm-none-eabi/5.2.1/../../../../arm-none-eabi/lib/armv7e-m/fpu/libg.a(lib_a-init.o)
 .debug_frame   0x000000000000269c       0x50 /usr/bin/../lib/gcc/arm-none-eabi/5.2.1/../../../../arm-none-eabi/lib/armv7e-m/fpu/libg.a(lib_a-__call_atexit.o)
 .debug_frame   0x00000000000026ec       0x20 /usr/bin/../lib/gcc/arm-none-eabi/5.2.1/../../../../arm-none-eabi/lib/armv7e-m/fpu/libg.a(lib_a-atexit.o)
 .debug_frame   0x000000000000270c       0x34 /usr/bin/../lib/gcc/arm-none-eabi/5.2.1/../../../../arm-none-eabi/lib/armv7e-m/fpu/libg.a(lib_a-fini.o)
 .debug_frame   0x0000000000002740       0x34 /usr/bin/../lib/gcc/arm-none-eabi/5.2.1/../../../../arm-none-eabi/lib/armv7e-m/fpu/libg.a(lib_a-__atexit.o)

.debug_loc      0x0000000000000000     0x9c06
 .debug_loc     0x0000000000000000      0x111 /tmp/cchrJyZe.o
 .debug_loc     0x0000000000000111       0xdb /tmp/cceAuL8R.o
 .debug_loc     0x00000000000001ec      0x57e ./Build/libstm32f7.a(stm32f7xx_hal_rcc.o)
 .debug_loc     0x000000000000076a      0x4cd ./Build/libstm32f7.a(stm32f7xx_hal_cortex.o)
 .debug_loc     0x0000000000000c37       0x5c ./Build/libstm32f7.a(stm32f7xx_hal.o)
 .debug_loc     0x0000000000000c93      0x36c ./Build/libstm32f7.a(stm32f7xx_hal_gpio.o)
 .debug_loc     0x0000000000000fff      0x1e8 ./Build/libstm32f7.a(stm32f7xx_hal_pwr_ex.o)
 .debug_loc     0x00000000000011e7      0x2f7 ./Build/libstm32f7.a(stm32746g_discovery_sdram.o)
 .debug_loc     0x00000000000014de     0x1f56 ./Build/libstm32f7.a(stm32746g_discovery_lcd.o)
 .debug_loc     0x0000000000003434      0x8b0 ./Build/libstm32f7.a(stm32746g_discovery.o)
 .debug_loc     0x0000000000003ce4      0xd1b ./Build/libstm32f7.a(stm32f7xx_hal_dma2d.o)
 .debug_loc     0x00000000000049ff      0x9f1 ./Build/libstm32f7.a(stm32f7xx_hal_ltdc.o)
 .debug_loc     0x00000000000053f0      0x98b ./Build/libstm32f7.a(stm32f7xx_hal_rcc_ex.o)
 .debug_loc     0x0000000000005d7b      0x524 ./Build/libstm32f7.a(stm32f7xx_hal_dma.o)
 .debug_loc     0x000000000000629f      0x9b7 ./Build/libstm32f7.a(stm32f7xx_hal_sdram.o)
 .debug_loc     0x0000000000006c56      0x84c ./Build/libstm32f7.a(stm32f7xx_ll_fmc.o)
 .debug_loc     0x00000000000074a2     0x1023 ./Build/libfreertos.a(cmsis_os.o)
 .debug_loc     0x00000000000084c5       0xa2 ./Build/libfreertos.a(heap_1.o)
 .debug_loc     0x0000000000008567       0x88 ./Build/libfreertos.a(port.o)
 .debug_loc     0x00000000000085ef       0x94 ./Build/libfreertos.a(list.o)
 .debug_loc     0x0000000000008683     0x1583 ./Build/libfreertos.a(tasks.o)
